// Jest Snapshot v1, https://goo.gl/fbAQLP

exports[`<Footer /> renders the <Footer /> with populated data 1`] = `
<div
  class="footerstyle__Container-sc-1vtsvu2-0 kQYJEw"
>
  <p
    class="footerstyle__Title-sc-1vtsvu2-4 ePCflh"
  >
    Questions? Contact us.
  </p>
  <div
    class="footerstyle__Break-sc-1vtsvu2-6 dtGKXi"
  />
  <div
    class="footerstyle__Row-sc-1vtsvu2-2 cExJNf"
  >
    <div
      class="footerstyle__Column-sc-1vtsvu2-1 kgBplo"
    >
      <a
        class="footerstyle__Link-sc-1vtsvu2-3 fHvEfQ"
        href="#"
      >
        FAQ
      </a>
      <a
        class="footerstyle__Link-sc-1vtsvu2-3 fHvEfQ"
        href="#"
      >
        Investor Relations
      </a>
      <a
        class="footerstyle__Link-sc-1vtsvu2-3 fHvEfQ"
        href="#"
      >
        Ways to Watch
      </a>
      <a
        class="footerstyle__Link-sc-1vtsvu2-3 fHvEfQ"
        href="#"
      >
        Corporate Information
      </a>
      <a
        class="footerstyle__Link-sc-1vtsvu2-3 fHvEfQ"
        href="#"
      >
        Netflix Originals
      </a>
    </div>
    <div
      class="footerstyle__Column-sc-1vtsvu2-1 kgBplo"
    >
      <a
        class="footerstyle__Link-sc-1vtsvu2-3 fHvEfQ"
        href="#"
      >
        Help Centre
      </a>
      <a
        class="footerstyle__Link-sc-1vtsvu2-3 fHvEfQ"
        href="#"
      >
        Jobs
      </a>
      <a
        class="footerstyle__Link-sc-1vtsvu2-3 fHvEfQ"
        href="#"
      >
        Terms of Use
      </a>
      <a
        class="footerstyle__Link-sc-1vtsvu2-3 fHvEfQ"
        href="#"
      >
        Contact Us
      </a>
    </div>
    <div
      class="footerstyle__Column-sc-1vtsvu2-1 kgBplo"
    >
      <a
        class="footerstyle__Link-sc-1vtsvu2-3 fHvEfQ"
        href="#"
      >
        Account
      </a>
      <a
        class="footerstyle__Link-sc-1vtsvu2-3 fHvEfQ"
        href="#"
      >
        Redeem gift cards
      </a>
      <a
        class="footerstyle__Link-sc-1vtsvu2-3 fHvEfQ"
        href="#"
      >
        Privacy
      </a>
      <a
        class="footerstyle__Link-sc-1vtsvu2-3 fHvEfQ"
        href="#"
      >
        Speed Test
      </a>
    </div>
    <div
      class="footerstyle__Column-sc-1vtsvu2-1 kgBplo"
    >
      <a
        class="footerstyle__Link-sc-1vtsvu2-3 fHvEfQ"
        href="#"
      >
        Media Centre
      </a>
      <a
        class="footerstyle__Link-sc-1vtsvu2-3 fHvEfQ"
        href="#"
      >
        Buy gift cards
      </a>
      <a
        class="footerstyle__Link-sc-1vtsvu2-3 fHvEfQ"
        href="#"
      >
        Cookie Preferences
      </a>
      <a
        class="footerstyle__Link-sc-1vtsvu2-3 fHvEfQ"
        href="#"
      >
        Legal Notices
      </a>
    </div>
  </div>
  <div
    class="footerstyle__Break-sc-1vtsvu2-6 dtGKXi"
  />
  <p
    class="footerstyle__Text-sc-1vtsvu2-5 gUbmxE"
  >
    Netflix United Kingdom
  </p>
</div>
`;
