// Jest Snapshot v1, https://goo.gl/fbAQLP

exports[`<Player /> renders the <Player /> with a bunny video 1`] = `
<div
  class="playerstyle__Container-sc-10t5uik-0"
>
  <button
    class="playerstyle__Button-sc-10t5uik-4 ebogna"
  >
    Play
  </button>
</div>
`;
